node.exe : FAIL 
src/__tests__/ScreensIntegrity.test.tsx
En línea: 1 Carácter: 1
+ & "C:\Program Files\nodejs/node.exe" 
"C:\Program Files\nodejs/node_mo ...
+ ~~~~~~~~~~~~~~~~~~~~~~~~~~~~~~~~~~~~~~~~~~~~~
~~~~~~~~~~~~~~~~~~~~~~~~
    + CategoryInfo          : NotSpecified: (F 
   AIL src/__test...egrity.test.tsx:String) [  
  ], RemoteException
    + FullyQualifiedErrorId : NativeCommandErr 
   or
 
  ÔùÅ Test suite failed to run

    supabaseUrl is required.

    [0m [90m  6 |[39m [36mconst[39m 
supabaseAnonKey [33m=[39m process[33m.[39me
nv[33m.[39m[33mEXPO_PUBLIC_SUPABASE_ANON_KEY
[39m [33m||[39m [32m''[39m[33m;[39m
     [90m  7 |[39m
    [31m[1m>[22m[39m[90m  8 |[39m 
[36mexport[39m [36mconst[39m supabase 
[33m=[39m 
createClient(supabaseUrl[33m,[39m 
supabaseAnonKey[33m,[39m {
     [90m    |[39m                           
          [31m[1m^[22m[39m
     [90m  9 |[39m     auth[33m:[39m {
     [90m 10 |[39m         
storage[33m:[39m 
[33mAsyncStorage[39m[33m,[39m
     [90m 11 |[39m         
autoRefreshToken[33m:[39m 
[36mtrue[39m[33m,[39m[0m

      at validateSupabaseUrl (node_modules/@sup
abase/supabase-js/src/lib/helpers.ts:86:11)
      at new SupabaseClient (node_modules/@supa
base/supabase-js/src/SupabaseClient.ts:117:21)
      at createClient (node_modules/@supabase/s
upabase-js/src/index.ts:60:10)
      at Object.<anonymous> 
(src/services/supabaseClient.ts:8:37)
      at Object.require 
(src/services/analyticsService.ts:1:1)
      at Object.require 
(src/screens/Home/HomeScreen.tsx:39:1)
      at Object.require 
(src/__tests__/ScreensIntegrity.test.tsx:3:1)

Test Suites: 1 failed, 1 total
Tests:       0 total
Snapshots:   0 total
Time:        1.739 s
Ran all test suites matching 
/src\\__tests__\\ScreensIntegrity.test.tsx/i.
