src/screens/Bio/CardioScanScreen.tsx(371,17): error TS2322: Type '{ style: RegisteredStyle<AbsoluteFillStyle>; device: CameraDevice; isActive: boolean; torchMode: "off" | "on"; outputs: CameraFrameOutput[]; pixelFormat: string; }' is not assignable to type 'IntrinsicAttributes & CameraViewProps'.
  Property 'pixelFormat' does not exist on type 'IntrinsicAttributes & CameraViewProps'.
src/screens/Meditation/MeditationCatalogScreen.tsx(474,17): error TS2322: Type '{ data: { title: string; data: Session[]; icon?: string | undefined; accentColor?: string | undefined; variant?: "standard" | "overlay" | "hero" | "poster" | "wide" | "section-header" | undefined; }[] | { ...; }[]; ... 8 more ...; onScroll: (...args: any[]) => void; }' is not assignable to type 'IntrinsicAttributes & FlashListProps<{ title: string; data: Session[]; icon?: string | undefined; accentColor?: string | undefined; variant?: "standard" | "overlay" | ... 4 more ... | undefined; }> & { ...; }'.
  Property 'estimatedItemSize' does not exist on type 'IntrinsicAttributes & FlashListProps<{ title: string; data: Session[]; icon?: string | undefined; accentColor?: string | undefined; variant?: "standard" | "overlay" | ... 4 more ... | undefined; }> & { ...; }'.
